[2026-06-22 23:26:58] [OK] Connected: account=277752085, balance=$500.00, equity=$500.00, leverage=1:2000
[2026-06-22 23:26:58] State loaded: last_scan=2026-06-22T21:26:58.171308, seen_deals=0
[2026-06-22 23:31:06] [OK] Connected: account=277752085, balance=$500.00, equity=$500.00, leverage=1:2000
[2026-06-22 23:31:06] State loaded: last_scan=2026-06-22T23:26:58.171308, seen_deals=0
[2026-06-22 23:40:40] [OK] Connected: account=277752085, balance=$500.00, equity=$500.00, leverage=1:2000
[2026-06-22 23:40:40] State loaded: last_scan=2026-06-22T23:31:06.292064, seen_deals=0
[2026-06-22 23:40:40] [WARN] wechat_work push returned: {"errcode":93000,"errmsg":"invalid webhook url, hint: [1782142838601433459076582], from ip: 112.94.96.126, more info at https://open.work.weixin.qq.com/devtool/query?e=93000"}
[2026-06-23 00:33:59] [OK] Connected: account=277752085, balance=$500.00, equity=$486.35, leverage=1:2000
[2026-06-23 00:33:59] State loaded: last_scan=2026-06-22T23:31:06.292064, seen_deals=0
[2026-06-23 00:33:59] [WARN] wecom-cli not found in PATH. Install: npm install -g @wecom/cli
[2026-06-23 00:34:32] [OK] Connected: account=277752085, balance=$500.00, equity=$487.43, leverage=1:2000
[2026-06-23 00:34:32] State loaded: last_scan=2026-06-22T23:31:06.292064, seen_deals=0
[2026-06-23 00:34:33] [WARN] wecom push failed (exit 2): error: unexpected argument 'chatid:' found

Usage: wecom-cli.exe msg send_message [OPTIONS]

For more information, try '--help'.
[2026-06-23 00:36:00] [OK] Connected: account=277752085, balance=$500.00, equity=$485.66, leverage=1:2000
[2026-06-23 00:36:00] State loaded: last_scan=2026-06-22T23:31:06.292064, seen_deals=0
[2026-06-23 00:36:00] [WARN] wecom push failed (exit 1): Error: expected value at line 1 column 1
[2026-06-23 00:36:54] [OK] Connected: account=277752085, balance=$500.00, equity=$475.43, leverage=1:2000
[2026-06-23 00:36:54] State loaded: last_scan=2026-06-22T23:31:06.292064, seen_deals=0
[2026-06-23 00:36:55] [WARN] wecom push returned: {"id":"mcp_rpc_1782146214727_7b970da3","jsonrpc":"2.0","result":{"content":[{"text":"{\n  \"errcode\": 0,\n  \"errmsg\": \"ok\"\n}","type":"text"}],"isError":false}}
[2026-06-23 00:38:07] [OK] Connected: account=277752085, balance=$500.00, equity=$483.20, leverage=1:2000
[2026-06-23 00:38:07] State loaded: last_scan=2026-06-22T23:31:06.292064, seen_deals=0
[2026-06-23 00:38:07] [OK] wecom push: [TEST] EA 30m2H 监控已上线
